*images-ext-1.discordapp.net
*images-ext-2.discordapp.net
*images-ext-3.discordapp.net
*images-ext-4.discordapp.net
*images-ext-5.discordapp.net
*media.discordapp.net

*russia34.discord.media
*russia42.discord.media
*russia62.discord.media
*russia237.discord.media
*russia243.discord.media
*russia264.discord.media
*russia271.discord.media
*russia279.discord.media
*russia282.discord.media
*russia301.discord.media
*russia414.discord.media
*russia438.discord.media
*russia442.discord.media
*russia462.discord.media
*russia469.discord.media
*russia488.discord.media
*russia515.discord.media
*russia556.discord.media
*russia640.discord.media
*russia662.discord.media
*russia675.discord.media
*russia678.discord.media
*russia720.discord.media
*russia752.discord.media
*russia791.discord.media
*russia830.discord.media
*russia845.discord.media
*russia847.discord.media
*russia907.discord.media
*russia910.discord.media
*russia921.discord.media
*russia928.discord.media
*russia1016.discord.media
*russia1080.discord.media
*russia1088.discord.media
*russia1098.discord.media
*russia1100.discord.media
*russia1109.discord.media
*russia1147.discord.media
*russia1197.discord.media
*russia1230.discord.media
*russia1252.discord.media
*russia1268.discord.media
*russia1271.discord.media
*russia1290.discord.media
*russia1298.discord.media
*russia1302.discord.media
*russia1324.discord.media
*russia1332.discord.media
*russia1335.discord.media
*russia1411.discord.media
*russia1416.discord.media
*russia1437.discord.media
*russia1445.discord.media
*russia1461.discord.media
*russia1465.discord.media
*russia1501.discord.media
*russia1545.discord.media
*russia1570.discord.media
*russia1573.discord.media
*russia1652.discord.media
*russia1660.discord.media
*russia1671.discord.media
*russia1697.discord.media
*russia1700.discord.media
*russia1727.discord.media
*russia1728.discord.media
*russia1740.discord.media
*russia1742.discord.media
*russia1759.discord.media
*russia1761.discord.media
*russia1834.discord.media
*russia1838.discord.media
*russia1860.discord.media
*russia1890.discord.media
*russia1950.discord.media
*russia1980.discord.media
*russia2013.discord.media
*russia2100.discord.media
*russia2105.discord.media
*russia2188.discord.media
*russia2224.discord.media
*russia2244.discord.media
*russia2263.discord.media
*russia2271.discord.media
*russia2352.discord.media
*russia2367.discord.media
*russia2368.discord.media
*russia2396.discord.media
*russia2413.discord.media
*russia2474.discord.media
*russia2477.discord.media
*russia2492.discord.media
*russia2531.discord.media
*russia2539.discord.media
*russia2549.discord.media
*russia2578.discord.media
*russia2652.discord.media
*russia2653.discord.media
*russia2654.discord.media
*russia2664.discord.media
*russia2686.discord.media
*russia2687.discord.media
*russia2690.discord.media
*russia2698.discord.media
*russia2718.discord.media
*russia2734.discord.media
*russia2810.discord.media
*russia2814.discord.media
*russia2874.discord.media
*russia2890.discord.media
*russia2962.discord.media
*russia3043.discord.media
*russia3063.discord.media
*russia3064.discord.media
*russia3117.discord.media
*russia3143.discord.media